
> frontend@0.0.0 build
> tsc -b && vite build

src/components/layout/SystemControlBar.tsx(2,26): error TS1484: 'RFBand' is a type and must be imported using a type-only import when 'verbatimModuleSyntax' is enabled.
src/context/SystemStateContext.tsx(1,44): error TS1484: 'ReactNode' is a type and must be imported using a type-only import when 'verbatimModuleSyntax' is enabled.
src/pages/DashboardPage.tsx(8,28): error TS6133: 'setInstrumentStatus' is declared but its value is never read.
src/pages/InstrumentRegistryPage.tsx(39,25): error TS2304: Cannot find name 'useState'.
src/pages/InstrumentRegistryPage.tsx(52,35): error TS2304: Cannot find name 'useState'.
src/pages/InstrumentRegistryPage.tsx(53,53): error TS2304: Cannot find name 'useState'.
src/pages/InstrumentRegistryPage.tsx(62,37): error TS2304: Cannot find name 'useState'.
src/pages/InstrumentRegistryPage.tsx(63,37): error TS2304: Cannot find name 'useState'.
src/pages/InstrumentRegistryPage.tsx(117,39): error TS7006: Parameter 'inst' implicitly has an 'any' type.
src/pages/InstrumentRegistryPage.tsx(313,79): error TS7006: Parameter 'prev' implicitly has an 'any' type.
src/pages/IntelligenceHUD.tsx(4,18): error TS6133: 'AnimatePresence' is declared but its value is never read.
src/pages/SCPIConsolePage.tsx(1,17): error TS6133: 'useState' is declared but its value is never read.
src/pages/SequenceBuilderPage.tsx(4,17): error TS6133: 'setSteps' is declared but its value is never read.
src/pages/SettingsPage.tsx(12,3): error TS6133: 'Selection' is declared but its value is never read.
src/pages/SettingsPage.tsx(15,1): error TS6192: All imports in import declaration are unused.
src/pages/SettingsPage.tsx(110,42): error TS2304: Cannot find name 'ArrowClockwise'.
src/pages/TemplatesPage.tsx(79,14): error TS2741: Property 'children' is missing in type '{ key: number; level: 1; className: string; }' but required in type 'GlassCardProps'.
